// Jest Snapshot v1, https://goo.gl/fbAQLP

exports[`RadioButton component matches a snapshot 1`] = `
<Fragment>
  <input
    id="GET"
    name="methods"
    onChange={[Function]}
    type="radio"
    value="GET"
  />
  <label
    htmlFor="GET"
  >
    GET
  </label>
</Fragment>
`;
